PASS: CIRCT :: Dialect/Arc/strip-sv-ignore-async.mlir (966 of 1075)
PASS: CIRCT :: Dialect/Comb/lower-comb.mlir (967 of 1075)
PASS: CIRCT :: Conversion/CalyxToFSM/materialize-fsm.mlir (968 of 1075)
PASS: CIRCT :: Conversion/HWToBTOR2/toclock.mlir (969 of 1075)
PASS: CIRCT :: Conversion/FSMToSV/test_errors.mlir (970 of 1075)
PASS: CIRCT :: Conversion/ImportAIGER/basic.aag (971 of 1075)
PASS: CIRCT :: Conversion/CFToHandshake/source-constants.mlir (972 of 1075)
PASS: CIRCT :: Dialect/Emit/strip-emit.mlir (973 of 1075)
PASS: CIRCT :: Dialect/FIRRTL/connect-errors.fir (974 of 1075)
PASS: CIRCT :: Conversion/CoreToFSM/concat-mux.mlir (975 of 1075)
PASS: CIRCT :: Conversion/DatapathToSMT/datapath-to-smt.mlir (976 of 1075)
PASS: CIRCT :: Conversion/HWToBTOR2/assume-init-reset.mlir (977 of 1075)
PASS: CIRCT :: Conversion/HWToBTOR2/compreg-resets.mlir (978 of 1075)
PASS: CIRCT :: Conversion/FSMToSMT/guards.mlir (979 of 1075)
PASS: CIRCT :: Dialect/Arc/resolve-xmr-ref-bind.mlir (980 of 1075)
PASS: CIRCT :: Conversion/SimToSV/plusargs.mlir (981 of 1075)
PASS: CIRCT :: Dialect/Calyx/gicm.mlir (982 of 1075)
PASS: CIRCT :: Target/ExportSystemC/func.mlir (983 of 1075)
PASS: CIRCT :: Dialect/LLHD/Transforms/inline-calls-errors.mlir (984 of 1075)
PASS: CIRCT :: Dialect/Arc/strip-sv-errors.mlir (985 of 1075)
PASS: CIRCT :: Analysis/debug-info.mlir (986 of 1075)
PASS: CIRCT :: Conversion/CFToHandshake/insert-merge-blocks-invalid.mlir (987 of 1075)
PASS: CIRCT :: firtool/formal.mlir (988 of 1075)
PASS: CIRCT :: firtool/phase-ordering.fir (989 of 1075)
PASS: CIRCT :: Conversion/CFToHandshake/insert-merge-blocks.mlir (990 of 1075)
PASS: CIRCT :: firtool/properties.fir (991 of 1075)
PASS: CIRCT :: firtool/firtool-errors.mlir (992 of 1075)
PASS: CIRCT :: circt-synth/commandline.mlir (993 of 1075)
PASS: CIRCT :: Dialect/Calyx/emit.mlir (994 of 1075)
PASS: CIRCT :: firtool/annotation-error.fir (995 of 1075)
PASS: CIRCT :: Conversion/ImportLiberty/error.lib (996 of 1075)
PASS: CIRCT :: Dialect/Arc/latency-retiming.mlir (997 of 1075)
PASS: CIRCT :: Conversion/ImportAIGER/invalid-index.mlir (998 of 1075)
PASS: CIRCT :: Dialect/FIRRTL/emit-version-errors-lt-3.1.0.mlir (999 of 1075)
PASS: CIRCT :: firtool/lower-to-core.fir (1000 of 1075)
PASS: CIRCT :: firtool/stop.fir (1001 of 1075)
PASS: CIRCT :: Conversion/ImportAIGER/delta-underflow.mlir (1002 of 1075)
PASS: CIRCT :: firtool/has_been_reset.fir (1003 of 1075)
XFAIL: CIRCT :: firtool/spec/refs/inference_reset_bad.fir (1004 of 1075)
PASS: CIRCT :: firtool/chisel_assert.fir (1005 of 1075)
PASS: CIRCT :: firtool/annotation-unknown.fir (1006 of 1075)
PASS: CIRCT :: circt-translate/parse_int64.fir (1007 of 1075)
PASS: CIRCT :: firtool/clocking.fir (1008 of 1075)
PASS: CIRCT :: Dialect/FIRRTL/parse-name-preservation.fir (1009 of 1075)
PASS: CIRCT :: Conversion/ImportAIGER/error.aag (1010 of 1075)
PASS: CIRCT :: Conversion/ExportAIGER/basic.mlir (1011 of 1075)
PASS: CIRCT :: firtool/spec/refs/force_nonpassive.fir (1012 of 1075)
PASS: CIRCT :: Dialect/Calyx/emit-custom-primitives.mlir (1013 of 1075)
PASS: CIRCT :: Dialect/Calyx/emit-invoke.mlir (1014 of 1075)
PASS: CIRCT :: firtool/commandline.mlir (1015 of 1075)
PASS: CIRCT :: firtool/connect-errors.fir (1016 of 1075)
PASS: CIRCT :: circt-verilog/include/library_module.sv (1017 of 1075)
UNSUPPORTED: CIRCT :: Conversion/ImportVerilog/basic.sv (1018 of 1075)
UNSUPPORTED: CIRCT :: Dialect/ESI/manifest.mlir (1019 of 1075)
UNSUPPORTED: CIRCT :: Tools/circt-verilog-lsp-server/find-definition.test (1020 of 1075)
UNSUPPORTED: CIRCT :: Conversion/ImportVerilog/builtins.sv (1021 of 1075)
UNSUPPORTED: CIRCT :: circt-verilog/registers.sv (1022 of 1075)
UNSUPPORTED: CIRCT :: Conversion/ImportVerilog/classes.sv (1023 of 1075)
PASS: CIRCT :: Conversion/ExportAIGER/errors.mlir (1024 of 1075)
UNSUPPORTED: CIRCT :: circt-verilog/preprocess.sv (1025 of 1075)
PASS: CIRCT :: circt-verilog/include/other.sv (1026 of 1075)
UNSUPPORTED: CIRCT :: Conversion/ImportVerilog/captures.sv (1027 of 1075)
PASS: CIRCT :: Dialect/Arc/Export/serialize-state-info.mlir (1028 of 1075)
UNSUPPORTED: CIRCT :: Conversion/ImportVerilog/errors.sv (1029 of 1075)
PASS: CIRCT :: Dialect/Calyx/emit-static.mlir (1030 of 1075)
PASS: CIRCT :: Dialect/Calyx/emit-comb-component.mlir (1031 of 1075)
PASS: CIRCT :: om-linker/commandline.mlir (1032 of 1075)
UNSUPPORTED: CIRCT :: Conversion/ImportVerilog/hierarchical-names.sv (1033 of 1075)
UNSUPPORTED: CIRCT :: Tools/circt-verilog-lsp-server/diagnostic.test (1034 of 1075)
PASS: CIRCT :: Dialect/Calyx/emit-invoke-with-ref.mlir (1035 of 1075)
UNSUPPORTED: CIRCT :: Conversion/ImportVerilog/virtual-interface-typedef.sv (1036 of 1075)
UNSUPPORTED: CIRCT :: Conversion/ImportVerilog/virtual-interface-resource-db.sv (1037 of 1075)
UNSUPPORTED: CIRCT :: circt-verilog/basic.mlir (1038 of 1075)
PASS: CIRCT :: om-linker/link.mlir (1039 of 1075)
PASS: CIRCT :: firtool/error-dumper.fir (1040 of 1075)
UNSUPPORTED: CIRCT :: circt-verilog/roundtrip-unions.sv (1041 of 1075)
UNSUPPORTED: CIRCT :: circt-verilog/preprocess-multiple-files.sv (1042 of 1075)
UNSUPPORTED: CIRCT :: Tools/circt-verilog-lsp-server/textdocument-didchange.test (1043 of 1075)
UNSUPPORTED: CIRCT :: Tools/circt-verilog-lsp-server/textdocument-didclose.test (1044 of 1075)
UNSUPPORTED: CIRCT :: Conversion/ImportVerilog/range.sv (1045 of 1075)
UNSUPPORTED: CIRCT :: Tools/circt-verilog-lsp-server/command-files.test (1046 of 1075)
UNSUPPORTED: CIRCT :: Conversion/ImportVerilog/primitives.sv (1047 of 1075)
UNSUPPORTED: CIRCT :: Tools/circt-verilog-lsp-server/find-package-import-def.test (1048 of 1075)
PASS: CIRCT :: om-linker/elaborate-error.mlir (1049 of 1075)
UNSUPPORTED: CIRCT :: circt-verilog/roundtrip-register-enable.sv (1050 of 1075)
UNSUPPORTED: CIRCT :: circt-verilog/redundant-files.sv (1051 of 1075)
UNSUPPORTED: CIRCT :: circt-verilog/dpi-extern-decl.sv (1052 of 1075)
PASS: CIRCT :: Dialect/Calyx/emit-seq-memory.mlir (1053 of 1075)
UNSUPPORTED: CIRCT :: Conversion/ImportVerilog/monitor.sv (1054 of 1075)
UNSUPPORTED: CIRCT :: Tools/circt-verilog-lsp-server/package-indexing.test (1055 of 1075)
UNSUPPORTED: CIRCT :: Conversion/ImportVerilog/virtual-interface.sv (1056 of 1075)
UNSUPPORTED: CIRCT :: circt-verilog/commandline.sv (1057 of 1075)
UNSUPPORTED: CIRCT :: Conversion/ImportVerilog/types.sv (1058 of 1075)
UNSUPPORTED: CIRCT :: Tools/circt-verilog-lsp-server/include.test (1059 of 1075)
UNSUPPORTED: CIRCT :: Conversion/ImportVerilog/virtual-interface-modport.sv (1060 of 1075)
UNSUPPORTED: CIRCT :: circt-verilog/command-files.sv (1061 of 1075)
UNSUPPORTED: CIRCT :: circt-verilog/xslang.sv (1062 of 1075)
UNSUPPORTED: CIRCT :: Conversion/ImportVerilog/interface-instance-expansion.sv (1063 of 1075)
UNSUPPORTED: CIRCT :: circt-verilog/hierarchical-names.sv (1064 of 1075)
UNSUPPORTED: CIRCT :: Tools/circt-verilog-lsp-server/initialize-params.test (1065 of 1075)
UNSUPPORTED: CIRCT :: Conversion/ImportVerilog/interface-modport-body-access.sv (1066 of 1075)
UNSUPPORTED: CIRCT :: circt-verilog/memories.sv (1067 of 1075)
UNSUPPORTED: CIRCT :: Conversion/ImportVerilog/unit-scope.sv (1068 of 1075)
UNSUPPORTED: CIRCT :: circt-verilog/library-locations.sv (1069 of 1075)
UNSUPPORTED: CIRCT :: Conversion/ImportVerilog/testbench-compat.sv (1070 of 1075)
UNSUPPORTED: CIRCT :: Conversion/ImportVerilog/virtual-interface-array.sv (1071 of 1075)
UNSUPPORTED: CIRCT :: Conversion/ImportVerilog/procedures.sv (1072 of 1075)
UNSUPPORTED: CIRCT :: Conversion/ImportVerilog/virtual-interface-package.sv (1073 of 1075)
UNSUPPORTED: CIRCT :: circt-verilog/preprocess-errors.sv (1074 of 1075)
UNSUPPORTED: CIRCT :: Conversion/ImportVerilog/virtual-interface-from-port.sv (1075 of 1075)

2 warning(s) in tests

Testing Time: 13.68s

Total Discovered Tests: 1081
  Excluded         :    6 (0.56%)
  Unsupported      :   47 (4.35%)
  Passed           : 1022 (94.54%)
  Expectedly Failed:    6 (0.56%)