[501/1007] Building CXX object lib/Dialect/Arc/Transforms/CMakeFiles/obj.CIRCTArcTransforms.dir/LowerArrays.cpp.o
[502/1007] Building CXX object lib/Dialect/Arc/Transforms/CMakeFiles/obj.CIRCTArcTransforms.dir/LowerArcsToFuncs.cpp.o
[503/1007] Building CXX object lib/Dialect/Arc/Transforms/CMakeFiles/obj.CIRCTArcTransforms.dir/LowerLUT.cpp.o
[504/1007] Building CXX object lib/Dialect/Arc/Transforms/CMakeFiles/obj.CIRCTArcTransforms.dir/LowerClocksToFuncs.cpp.o
[505/1007] Building CXX object lib/Dialect/Arc/Transforms/CMakeFiles/obj.CIRCTArcTransforms.dir/LowerVectorizations.cpp.o
[506/1007] Building CXX object lib/Dialect/Arc/Transforms/CMakeFiles/obj.CIRCTArcTransforms.dir/LowerState.cpp.o
[507/1007] Building CXX object lib/Dialect/Arc/Transforms/CMakeFiles/obj.CIRCTArcTransforms.dir/LowerVerifSimulations.cpp.o
[508/1007] Building CXX object lib/Dialect/Arc/Transforms/CMakeFiles/obj.CIRCTArcTransforms.dir/MakeTables.cpp.o
[509/1007] Building CXX object lib/Dialect/Arc/Transforms/CMakeFiles/obj.CIRCTArcTransforms.dir/MergeIfs.cpp.o
[510/1007] Building CXX object lib/Dialect/Arc/Transforms/CMakeFiles/obj.CIRCTArcTransforms.dir/MergeTaps.cpp.o
[511/1007] Building CXX object lib/Dialect/Arc/Transforms/CMakeFiles/obj.CIRCTArcTransforms.dir/MuxToControlFlow.cpp.o
[512/1007] Building CXX object lib/Dialect/Arc/Transforms/CMakeFiles/obj.CIRCTArcTransforms.dir/PrintCostModel.cpp.o
[513/1007] Building CXX object lib/Dialect/Arc/Transforms/CMakeFiles/obj.CIRCTArcTransforms.dir/RemoveI0Types.cpp.o
[514/1007] Building CXX object lib/Dialect/Arc/Transforms/CMakeFiles/obj.CIRCTArcTransforms.dir/ResolveXMRRef.cpp.o
[515/1007] Building CXX object lib/Dialect/Arc/Transforms/CMakeFiles/obj.CIRCTArcTransforms.dir/SimplifyVariadicOps.cpp.o
[516/1007] Building CXX object lib/Dialect/Arc/Transforms/CMakeFiles/obj.CIRCTArcTransforms.dir/SplitFuncs.cpp.o
[517/1007] Building CXX object lib/Dialect/Arc/Transforms/CMakeFiles/obj.CIRCTArcTransforms.dir/SplitLoops.cpp.o
[518/1007] Building CXX object lib/Dialect/Arc/Transforms/CMakeFiles/obj.CIRCTArcTransforms.dir/StripSV.cpp.o
[519/1007] Building CXX object lib/Dialect/Calyx/CMakeFiles/obj.CIRCTCalyx.dir/CalyxDialect.cpp.o
[520/1007] Building CXX object lib/Dialect/Calyx/CMakeFiles/obj.CIRCTCalyx.dir/CalyxOps.cpp.o
[521/1007] Building CXX object lib/Dialect/Calyx/Export/CMakeFiles/obj.CIRCTExportCalyx.dir/CalyxEmitter.cpp.o
[522/1007] Building CXX object lib/Dialect/Calyx/Transforms/CMakeFiles/obj.CIRCTCalyxTransforms.dir/CompileControl.cpp.o
[523/1007] Building CXX object lib/Dialect/Calyx/Transforms/CMakeFiles/obj.CIRCTCalyxTransforms.dir/GICM.cpp.o
[524/1007] Building CXX object lib/Dialect/Calyx/Transforms/CMakeFiles/obj.CIRCTCalyxTransforms.dir/GoInsertion.cpp.o
[525/1007] Building CXX object lib/Dialect/Calyx/Transforms/CMakeFiles/obj.CIRCTCalyxTransforms.dir/ClkResetInsertion.cpp.o
[526/1007] Building CXX object lib/Dialect/Calyx/Transforms/CMakeFiles/obj.CIRCTCalyxTransforms.dir/RemoveGroups.cpp.o
[527/1007] Building CXX object lib/Dialect/Calyx/Transforms/CMakeFiles/obj.CIRCTCalyxTransforms.dir/RemoveCombGroups.cpp.o
[528/1007] Building CXX object lib/Dialect/Calyx/Transforms/CMakeFiles/obj.CIRCTCalyxTransforms.dir/CalyxHelpers.cpp.o
[529/1007] Building CXX object lib/Dialect/Calyx/Transforms/CMakeFiles/obj.CIRCTCalyxTransforms.dir/CalyxLoweringUtils.cpp.o
[530/1007] Building CXX object lib/Dialect/Calyx/Transforms/CMakeFiles/obj.CIRCTCalyxTransforms.dir/AffineParallelUnroll.cpp.o
[531/1007] Building CXX object lib/Dialect/Calyx/Transforms/CMakeFiles/obj.CIRCTCalyxTransforms.dir/AffineToSCF.cpp.o
[532/1007] Building CXX object lib/Dialect/Calyx/Transforms/CMakeFiles/obj.CIRCTCalyxTransforms.dir/AffinePloopUnparallelize.cpp.o
[533/1007] Building CXX object lib/Dialect/Calyx/Transforms/CMakeFiles/obj.CIRCTCalyxTransforms.dir/ExcludeExecuteRegionCanonicalize.cpp.o
[534/1007] Building CXX object lib/Dialect/Comb/CMakeFiles/obj.CIRCTComb.dir/CombFolds.cpp.o
[535/1007] Building CXX object lib/Dialect/Comb/CMakeFiles/obj.CIRCTComb.dir/CombAnalysis.cpp.o
[536/1007] Building CXX object lib/Dialect/Comb/CMakeFiles/obj.CIRCTComb.dir/CombOps.cpp.o
[537/1007] Building CXX object lib/Dialect/Comb/CMakeFiles/obj.CIRCTComb.dir/InferIntRangeInterfaceImpls.cpp.o
[538/1007] Building CXX object lib/Dialect/Comb/CMakeFiles/obj.CIRCTComb.dir/CombDialect.cpp.o
[539/1007] Building CXX object lib/Dialect/Comb/Transforms/CMakeFiles/obj.CIRCTCombTransforms.dir/LowerComb.cpp.o
[540/1007] Building CXX object lib/Dialect/Comb/Transforms/CMakeFiles/obj.CIRCTCombTransforms.dir/IntRangeOptimizations.cpp.o
[541/1007] Building CXX object lib/Dialect/Comb/Transforms/CMakeFiles/obj.CIRCTCombTransforms.dir/IntRangeAnnotations.cpp.o
[542/1007] Building CXX object lib/Dialect/Comb/Transforms/CMakeFiles/obj.CIRCTCombTransforms.dir/BalanceMux.cpp.o
[543/1007] Building CXX object lib/Dialect/Comb/Transforms/CMakeFiles/obj.CIRCTCombTransforms.dir/AssumeTwoValued.cpp.o
[544/1007] Building CXX object lib/Dialect/Comb/Transforms/CMakeFiles/obj.CIRCTCombTransforms.dir/SimplifyTruthTable.cpp.o
[545/1007] Building CXX object lib/Dialect/Datapath/CMakeFiles/obj.CIRCTDatapath.dir/DatapathDialect.cpp.o
[546/1007] Building CXX object lib/Dialect/Datapath/CMakeFiles/obj.CIRCTDatapath.dir/DatapathFolds.cpp.o
[547/1007] Building CXX object lib/Dialect/Datapath/CMakeFiles/obj.CIRCTDatapath.dir/DatapathOps.cpp.o
[548/1007] Building CXX object lib/Dialect/Datapath/Transforms/CMakeFiles/obj.CIRCTDatapathTransforms.dir/ReduceDelay.cpp.o
[549/1007] Building CXX object lib/Dialect/DC/CMakeFiles/obj.CIRCTDC.dir/DCDialect.cpp.o
[550/1007] Building CXX object lib/Dialect/DC/CMakeFiles/obj.CIRCTDC.dir/DCTypes.cpp.o
[551/1007] Building CXX object lib/Dialect/DC/CMakeFiles/obj.CIRCTDC.dir/DCOps.cpp.o
[552/1007] Building CXX object lib/Dialect/DC/Transforms/CMakeFiles/obj.CIRCTDCTransforms.dir/DCMaterialization.cpp.o
[553/1007] Building CXX object lib/Dialect/DC/Transforms/CMakeFiles/obj.CIRCTDCTransforms.dir/DCPrintDot.cpp.o
[554/1007] Building CXX object lib/Dialect/Emit/CMakeFiles/obj.CIRCTEmit.dir/EmitDialect.cpp.o
[555/1007] Building CXX object lib/Dialect/Emit/CMakeFiles/obj.CIRCTEmit.dir/EmitOpInterfaces.cpp.o
[556/1007] Building CXX object lib/Dialect/Emit/Transforms/CMakeFiles/obj.CIRCTEmitTransforms.dir/StripEmit.cpp.o
[557/1007] Building CXX object lib/Dialect/Emit/CMakeFiles/obj.CIRCTEmit.dir/EmitOps.cpp.o
[558/1007] Building CXX object lib/Dialect/ESI/CMakeFiles/obj.CIRCTESI.dir/AppID.cpp.o
[559/1007] Building CXX object lib/Dialect/ESI/CMakeFiles/obj.CIRCTESI.dir/ESIAttributes.cpp.o
[560/1007] Building CXX object lib/Dialect/ESI/CMakeFiles/obj.CIRCTESI.dir/ESIFolds.cpp.o
[561/1007] Building CXX object lib/Dialect/ESI/CMakeFiles/obj.CIRCTESI.dir/ESIDialect.cpp.o
[562/1007] Building CXX object lib/Dialect/ESI/CMakeFiles/obj.CIRCTESI.dir/ESIPasses.cpp.o
[563/1007] Building CXX object lib/Dialect/ESI/CMakeFiles/obj.CIRCTESI.dir/ESIOps.cpp.o
[564/1007] Building CXX object lib/Dialect/ESI/CMakeFiles/obj.CIRCTESI.dir/ESIStdServices.cpp.o
[565/1007] Building CXX object lib/Dialect/ESI/CMakeFiles/obj.CIRCTESI.dir/ESIServices.cpp.o
[566/1007] Building CXX object lib/Dialect/ESI/CMakeFiles/obj.CIRCTESI.dir/ESITypes.cpp.o
[567/1007] Building CXX object lib/Dialect/ESI/CMakeFiles/obj.CIRCTESI.dir/Passes/ESILowerPhysical.cpp.o
[568/1007] Building CXX object lib/Dialect/ESI/CMakeFiles/obj.CIRCTESI.dir/Passes/ESILowerBundles.cpp.o
[569/1007] Building CXX object lib/Dialect/ESI/CMakeFiles/obj.CIRCTESI.dir/Passes/ESILowerPorts.cpp.o
[570/1007] Building CXX object lib/Dialect/ESI/CMakeFiles/obj.CIRCTESI.dir/Passes/ESILowerTypes.cpp.o
[571/1007] Building CXX object lib/Dialect/ESI/CMakeFiles/obj.CIRCTESI.dir/Passes/ESILowerToHW.cpp.o
[572/1007] Building CXX object lib/Dialect/ESI/CMakeFiles/obj.CIRCTESI.dir/Passes/ESICleanMetadata.cpp.o
[573/1007] Building CXX object lib/Dialect/ESI/CMakeFiles/obj.CIRCTESI.dir/Passes/ESIBuildManifest.cpp.o
[574/1007] Building CXX object lib/Dialect/ESI/CMakeFiles/obj.CIRCTESI.dir/Passes/ESIAppIDHier.cpp.o
[575/1007] Building CXX object lib/Dialect/ESI/CMakeFiles/obj.CIRCTESI.dir/Passes/ESIVerifyConnections.cpp.o
[576/1007] Building CXX object lib/Dialect/FIRRTL/CMakeFiles/obj.CIRCTFIRRTL.dir/CHIRRTLTypes.cpp.o
[577/1007] Building CXX object lib/Dialect/FIRRTL/CMakeFiles/obj.CIRCTFIRRTL.dir/CHIRRTLDialect.cpp.o
[578/1007] Building CXX object lib/Dialect/FIRRTL/CMakeFiles/obj.CIRCTFIRRTL.dir/FieldRefCache.cpp.o
[579/1007] Building CXX object lib/Dialect/FIRRTL/CMakeFiles/obj.CIRCTFIRRTL.dir/FIRRTLAnnotationHelper.cpp.o
[580/1007] Building CXX object lib/Dialect/FIRRTL/CMakeFiles/obj.CIRCTFIRRTL.dir/FIRRTLAnnotations.cpp.o
[581/1007] Building CXX object lib/Dialect/FIRRTL/CMakeFiles/obj.CIRCTFIRRTL.dir/FIRRTLAttributes.cpp.o
[582/1007] Building CXX object lib/Dialect/FIRRTL/CMakeFiles/obj.CIRCTFIRRTL.dir/FIRRTLFieldSource.cpp.o
[583/1007] Building CXX object lib/Dialect/FIRRTL/CMakeFiles/obj.CIRCTFIRRTL.dir/FIRRTLFolds.cpp.o
[584/1007] Building CXX object lib/Dialect/FIRRTL/CMakeFiles/obj.CIRCTFIRRTL.dir/FIRRTLDialect.cpp.o
[585/1007] Building CXX object lib/Dialect/FIRRTL/CMakeFiles/obj.CIRCTFIRRTL.dir/FIRRTLInstanceGraph.cpp.o
[586/1007] Building CXX object lib/Dialect/FIRRTL/CMakeFiles/obj.CIRCTFIRRTL.dir/FIRRTLInstanceImplementation.cpp.o
[587/1007] Building CXX object lib/Dialect/FIRRTL/CMakeFiles/obj.CIRCTFIRRTL.dir/FIRRTLIntrinsics.cpp.o
[588/1007] Building CXX object lib/Dialect/FIRRTL/CMakeFiles/obj.CIRCTFIRRTL.dir/FIRRTLOpInterfaces.cpp.o
[589/1007] Building CXX object lib/Dialect/FIRRTL/CMakeFiles/obj.CIRCTFIRRTL.dir/FIRRTLTypes.cpp.o
[590/1007] Building CXX object lib/Dialect/FIRRTL/CMakeFiles/obj.CIRCTFIRRTL.dir/FIRRTLUtils.cpp.o
[591/1007] Building CXX object lib/Dialect/FIRRTL/CMakeFiles/obj.CIRCTFIRRTL.dir/NLATable.cpp.o
[592/1007] Building CXX object lib/Dialect/FIRRTL/Import/CMakeFiles/obj.CIRCTImportFIRFile.dir/FIRAnnotations.cpp.o
[593/1007] Building CXX object lib/Dialect/FIRRTL/Import/CMakeFiles/obj.CIRCTImportFIRFile.dir/FIRLexer.cpp.o
[594/1007] Building CXX object lib/Dialect/FIRRTL/Import/CMakeFiles/obj.CIRCTImportFIRFile.dir/FIRParser.cpp.o
[595/1007] Building CXX object lib/Dialect/FIRRTL/Transforms/CMakeFiles/obj.CIRCTFIRRTLTransforms.dir/AddSeqMemPorts.cpp.o
[596/1007] Building CXX object lib/Dialect/FIRRTL/Transforms/CMakeFiles/obj.CIRCTFIRRTLTransforms.dir/AnnotateInputOnlyModules.cpp.o
[597/1007] Building CXX object lib/Dialect/FIRRTL/CMakeFiles/obj.CIRCTFIRRTL.dir/FIRRTLOps.cpp.o
[598/1007] Building CXX object lib/Dialect/FIRRTL/Transforms/CMakeFiles/obj.CIRCTFIRRTLTransforms.dir/PopulateInstanceChoiceSymbols.cpp.o
[599/1007] Building CXX object lib/Dialect/FIRRTL/Transforms/CMakeFiles/obj.CIRCTFIRRTLTransforms.dir/AssignOutputDirs.cpp.o
[600/1007] Building CXX object lib/Dialect/FIRRTL/Transforms/CMakeFiles/obj.CIRCTFIRRTLTransforms.dir/BlackBoxReader.cpp.o
[601/1007] Building CXX object lib/Dialect/FIRRTL/Transforms/CMakeFiles/obj.CIRCTFIRRTLTransforms.dir/CheckCombLoops.cpp.o
[602/1007] Building CXX object lib/Dialect/FIRRTL/Transforms/CMakeFiles/obj.CIRCTFIRRTLTransforms.dir/CheckLayers.cpp.o
[603/1007] Building CXX object lib/Dialect/FIRRTL/Transforms/CMakeFiles/obj.CIRCTFIRRTLTransforms.dir/CheckRecursiveInstantiation.cpp.o
[604/1007] Building CXX object lib/Dialect/FIRRTL/Transforms/CMakeFiles/obj.CIRCTFIRRTLTransforms.dir/CreateSiFiveMetadata.cpp.o
[605/1007] Building CXX object lib/Dialect/FIRRTL/Transforms/CMakeFiles/obj.CIRCTFIRRTLTransforms.dir/DropConst.cpp.o
[606/1007] Building CXX object lib/Dialect/FIRRTL/Transforms/CMakeFiles/obj.CIRCTFIRRTLTransforms.dir/Dedup.cpp.o
[607/1007] Building CXX object lib/Dialect/FIRRTL/Transforms/CMakeFiles/obj.CIRCTFIRRTLTransforms.dir/DropName.cpp.o
[608/1007] Building CXX object lib/Dialect/FIRRTL/Transforms/CMakeFiles/obj.CIRCTFIRRTLTransforms.dir/EliminateWires.cpp.o
[609/1007] Building CXX object lib/Dialect/FIRRTL/Transforms/CMakeFiles/obj.CIRCTFIRRTLTransforms.dir/ExpandWhens.cpp.o
[610/1007] Building CXX object lib/Dialect/FIRRTL/Transforms/CMakeFiles/obj.CIRCTFIRRTLTransforms.dir/ExtractInstances.cpp.o
[611/1007] Building CXX object lib/Dialect/FIRRTL/Transforms/CMakeFiles/obj.CIRCTFIRRTLTransforms.dir/FinalizeIR.cpp.o
[612/1007] Building CXX object lib/Dialect/FIRRTL/Transforms/CMakeFiles/obj.CIRCTFIRRTLTransforms.dir/FlattenMemory.cpp.o
[613/1007] Building CXX object lib/Dialect/FIRRTL/Transforms/CMakeFiles/obj.CIRCTFIRRTLTransforms.dir/GrandCentral.cpp.o
[614/1007] Building CXX object lib/Dialect/FIRRTL/Transforms/CMakeFiles/obj.CIRCTFIRRTLTransforms.dir/IMConstProp.cpp.o
[615/1007] Building CXX object lib/Dialect/FIRRTL/Transforms/CMakeFiles/obj.CIRCTFIRRTLTransforms.dir/IMDeadCodeElim.cpp.o
[616/1007] Building CXX object lib/Dialect/FIRRTL/Transforms/CMakeFiles/obj.CIRCTFIRRTLTransforms.dir/InferDomains.cpp.o
[617/1007] Building CXX object lib/Dialect/FIRRTL/Transforms/CMakeFiles/obj.CIRCTFIRRTLTransforms.dir/InferReadWrite.cpp.o
[618/1007] Building CXX object lib/Dialect/FIRRTL/Transforms/CMakeFiles/obj.CIRCTFIRRTLTransforms.dir/InferResets.cpp.o

ninja killed after 1800s timeout